// Jest Snapshot v1, https://goo.gl/fbAQLP

exports[`changes the class when hovered 1`] = `
<form
  className="sc-bdnyFh iqGFwu"
  onSubmit={[Function]}
/>
`;
